node.exe :  ΓÜá 
Warning: Next.js 
inferred your 
workspace root, but 
it may not be 
correct.
At line:1 char:1
+ & "C:\Program Files
\nodejs/node.exe" 
"C:\Program 
Files\nodejs/node_mo 
...
+ ~~~~~~~~~~~~~~~~~~~
~~~~~~~~~~~~~~~~~~~~~
~~~~~~~~~~~~~~~~~~~~~
~~~~~~~~
    + CategoryInfo   
           : NotSpe  
  cified: ( ΓÜá Wa   
 rning: N...not b    
e correct.:Strin    
g) [], RemoteExc    
eption
    + FullyQualified 
   ErrorId : Native  
  CommandError
 
 We detected 
multiple lockfiles 
and selected the 
directory of C:\Users
\Yash\package-lock.js
on as the root 
directory.
 To silence this 
warning, set 
`turbopack.root` in 
your Next.js config, 
or consider removing 
one of the lockfiles 
if it's not needed.
   See https://nextjs
.org/docs/app/api-ref
erence/config/next-co
nfig-js/turbopack#roo
t-directory for more 
information.
 Detected additional 
lockfiles: 
   * C:\Users\Yash\.g
emini\antigravity\scr
atch\instantly-person
al\package-lock.json

   Γû▓ Next.js 16.0.6 (Turbopack)
   - Environments: .env

 ΓÜá The 
"middleware" file 
convention is 
deprecated. Please 
use "proxy" instead. 
Learn more: https://n
extjs.org/docs/messag
es/middleware-to-prox
y
   Creating an optimized production build ...
 Γ£ô Compiled successfully in 8.2s
   Running TypeScript ...
Failed to compile.

.next/dev/types/valid
ator.ts:134:39
Type error: Cannot 
find module '../../..
/app/database/page.js
' or its 
corresponding type 
declarations.

[0m [90m 132 
|[39m {
 [90m 133 |[39m   
type __IsExpected[33
m<[39m[33mSpecific
[39m 
[36mextends[39m [3
3mAppPageConfig[39m
[33m<[39m[32m"/data
base"[39m[33m>>[39
m [33m=[39m 
[33mSpecific[39m
[31m[1m>[22m[39m
[90m 134 |[39m   
[36mconst[39m 
handler [33m=[39m 
{} [36mas[39m 
[36mtypeof[39m [36
mimport[39m([32m"..
/../../app/database/p
age.js"[39m)
 [90m     |[39m    
                     
              
[31m[1m^[22m[39m
 [90m 135 |[39m   
type __Check 
[33m=[39m __IsExpec
ted[33m<[39m[36mty
peof[39m 
handler[33m>[39m
 [90m 136 |[39m   
[90m// 
@ts-ignore[39m
 [90m 137 |[39m   
type __Unused 
[33m=[39m 
__Check[0m
Next.js build worker 
exited with code: 1 
and signal: null
