app/api/campaigns/[id]/leads/upload/route.ts(89,13): error TS2322: Type 'true' is not assignable to type 'never'.
app/api/leads/import/route.ts(68,21): error TS2353: Object literal may only specify known properties, and 'email_campaignId' does not exist in type 'LeadWhereUniqueInput'.
app/api/leads/import/route.ts(77,21): error TS2353: Object literal may only specify known properties, and 'website' does not exist in type '(Without<LeadUpdateInput, LeadUncheckedUpdateInput> & LeadUncheckedUpdateInput) | (Without<...> & LeadUpdateInput)'.
app/api/leads/import/route.ts(87,21): error TS2353: Object literal may only specify known properties, and 'website' does not exist in type '(Without<LeadCreateInput, LeadUncheckedCreateInput> & LeadUncheckedCreateInput) | (Without<...> & LeadCreateInput)'.
app/api/leads/similar/route.ts(32,53): error TS2339: Property 'details' does not exist on type '{ id: string; type: string; leadId: string; campaignId: string; messageId: string | null; emailAccountId: string | null; metadata: string | null; createdAt: Date; }'.
app/api/reminders/route.ts(7,36): error TS2304: Cannot find name 'NextRequest'.
app/api/reminders/route.ts(19,13): error TS2322: Type '{ lead: true; }' is not assignable to type 'never'.
app/api/reminders/route.ts(34,38): error TS2304: Cannot find name 'NextRequest'.
app/api/v2/campaigns/[id]/ab-test/route.ts(54,25): error TS2353: Object literal may only specify known properties, and 'label' does not exist in type 'Without<SequenceVariantCreateInput, SequenceVariantUncheckedCreateInput> & SequenceVariantUncheckedCreateInput'.
app/api/v2/campaigns/[id]/rotation/route.ts(91,17): error TS2353: Object literal may only specify known properties, and 'emailAccounts' does not exist in type 'CampaignInclude<DefaultArgs>'.
app/api/v2/campaigns/[id]/rotation/route.ts(112,32): error TS2339: Property 'emailAccounts' does not exist on type '{ id: string; name: string; status: string; userId: string | null; sentCount: number; openCount: number; clickCount: number; replyCount: number; bounceCount: number; dailyLimit: number | null; ... 13 more ...; updatedAt: Date; }'.
app/api/v2/campaigns/[id]/rotation/route.ts(112,50): error TS7006: Parameter 'ea' implicitly has an 'any' type.
app/api/v2/workspaces/route.ts(18,22): error TS2353: Object literal may only specify known properties, and 'ownerId' does not exist in type 'WorkspaceWhereInput'.
app/api/v2/workspaces/route.ts(20,37): error TS2353: Object literal may only specify known properties, and 'campaigns' does not exist in type 'WorkspaceCountOutputTypeSelect<DefaultArgs>'.
app/api/v2/workspaces/route.ts(30,45): error TS2353: Object literal may only specify known properties, and 'campaigns' does not exist in type 'WorkspaceCountOutputTypeSelect<DefaultArgs>'.
app/api/v2/workspaces/route.ts(40,34): error TS2339: Property '_count' does not exist on type '{ id: string; name: string; description: string | null; isDefault: boolean; userId: string | null; opportunityValue: number; createdAt: Date; updatedAt: Date; }'.
app/api/v2/workspaces/route.ts(44,23): error TS2551: Property 'workspace' does not exist on type '{ id: string; workspaceId: string; userId: string; role: string; createdAt: Date; updatedAt: Date; }'. Did you mean 'workspaceId'?
app/api/v2/workspaces/route.ts(45,25): error TS2551: Property 'workspace' does not exist on type '{ id: string; workspaceId: string; userId: string; role: string; createdAt: Date; updatedAt: Date; }'. Did you mean 'workspaceId'?
app/api/v2/workspaces/route.ts(46,34): error TS2551: Property 'workspace' does not exist on type '{ id: string; workspaceId: string; userId: string; role: string; createdAt: Date; updatedAt: Date; }'. Did you mean 'workspaceId'?
app/api/v2/workspaces/route.ts(76,17): error TS2353: Object literal may only specify known properties, and 'ownerId' does not exist in type '(Without<WorkspaceCreateInput, WorkspaceUncheckedCreateInput> & WorkspaceUncheckedCreateInput) | (Without<...> & WorkspaceCreateInput)'.
app/api/v2/workspaces/route.ts(83,26): error TS2339: Property 'workspaceInvitation' does not exist on type 'PrismaClient<PrismaClientOptions, never, DefaultArgs>'.
app/campaigns/[id]/sequences/page.tsx(581,46): error TS2304: Cannot find name 'VARIABLES'.
app/campaigns/[id]/sequences/page.tsx(581,60): error TS7006: Parameter 'v' implicitly has an 'any' type.
components/accounts/AccountDetailPanel.tsx(691,66): error TS2304: Cannot find name 'Send'.
components/accounts/AccountDetailPanel.tsx(710,113): error TS2304: Cannot find name 'Send'.
components/notification-manager.tsx(78,13): error TS2353: Object literal may only specify known properties, and 'duration' does not exist in type 'Toast'.
components/ui/calendar.tsx(57,17): error TS2353: Object literal may only specify known properties, and 'IconLeft' does not exist in type 'Partial<CustomComponents>'.
lib/imap-monitor.ts(2,30): error TS7016: Could not find a declaration file for module 'mailparser'. 'C:/Users/Yash/OneDrive/Desktop/Workspaces/Instantly.ai/instantly/node_modules/mailparser/index.js' implicitly has an 'any' type.
  Try `npm i --save-dev @types/mailparser` if it exists or add a new declaration (.d.ts) file containing `declare module 'mailparser';`
lib/imap-monitor.ts(50,57): error TS7006: Parameter 'err' implicitly has an 'any' type.
lib/imap-monitor.ts(50,62): error TS7006: Parameter 'parsed' implicitly has an 'any' type.
lib/imap-monitor.ts(201,57): error TS7006: Parameter 'err' implicitly has an 'any' type.
lib/imap-monitor.ts(201,62): error TS7006: Parameter 'parsed' implicitly has an 'any' type.
lib/imap-sync.ts(1,19): error TS7016: Could not find a declaration file for module 'imap-simple'. 'C:/Users/Yash/OneDrive/Desktop/Workspaces/Instantly.ai/instantly/node_modules/imap-simple/index.js' implicitly has an 'any' type.
  Try `npm i --save-dev @types/imap-simple` if it exists or add a new declaration (.d.ts) file containing `declare module 'imap-simple';`
lib/imap-sync.ts(2,30): error TS7016: Could not find a declaration file for module 'mailparser'. 'C:/Users/Yash/OneDrive/Desktop/Workspaces/Instantly.ai/instantly/node_modules/mailparser/index.js' implicitly has an 'any' type.
  Try `npm i --save-dev @types/mailparser` if it exists or add a new declaration (.d.ts) file containing `declare module 'mailparser';`
lib/replies.ts(2,19): error TS7016: Could not find a declaration file for module 'imap-simple'. 'C:/Users/Yash/OneDrive/Desktop/Workspaces/Instantly.ai/instantly/node_modules/imap-simple/index.js' implicitly has an 'any' type.
  Try `npm i --save-dev @types/imap-simple` if it exists or add a new declaration (.d.ts) file containing `declare module 'imap-simple';`
lib/replies.ts(3,30): error TS7016: Could not find a declaration file for module 'mailparser'. 'C:/Users/Yash/OneDrive/Desktop/Workspaces/Instantly.ai/instantly/node_modules/mailparser/index.js' implicitly has an 'any' type.
  Try `npm i --save-dev @types/mailparser` if it exists or add a new declaration (.d.ts) file containing `declare module 'mailparser';`
lib/warmup-detection.ts(1,18): error TS7016: Could not find a declaration file for module 'imap'. 'C:/Users/Yash/OneDrive/Desktop/Workspaces/Instantly.ai/instantly/node_modules/imap/lib/Connection.js' implicitly has an 'any' type.
  Try `npm i --save-dev @types/imap` if it exists or add a new declaration (.d.ts) file containing `declare module 'imap';`
lib/warmup-detection.ts(2,30): error TS7016: Could not find a declaration file for module 'mailparser'. 'C:/Users/Yash/OneDrive/Desktop/Workspaces/Instantly.ai/instantly/node_modules/mailparser/index.js' implicitly has an 'any' type.
  Try `npm i --save-dev @types/mailparser` if it exists or add a new declaration (.d.ts) file containing `declare module 'mailparser';`
lib/warmup-detection.ts(48,38): error TS7006: Parameter 'err' implicitly has an 'any' type.
lib/warmup-detection.ts(58,50): error TS7006: Parameter 'err' implicitly has an 'any' type.
lib/warmup-detection.ts(58,55): error TS7006: Parameter 'results' implicitly has an 'any' type.
lib/warmup-detection.ts(67,38): error TS7006: Parameter 'msg' implicitly has an 'any' type.
lib/warmup-detection.ts(67,43): error TS7006: Parameter 'seqno' implicitly has an 'any' type.
lib/warmup-detection.ts(69,45): error TS7006: Parameter 'attrs' implicitly has an 'any' type.
lib/warmup-detection.ts(73,37): error TS7006: Parameter 'stream' implicitly has an 'any' type.
lib/warmup-detection.ts(75,44): error TS7006: Parameter 'chunk' implicitly has an 'any' type.
lib/warmup-detection.ts(112,42): error TS7006: Parameter 'err' implicitly has an 'any' type.
lib/warmup-detection.ts(118,39): error TS7006: Parameter 'err' implicitly has an 'any' type.
lib/warmup-detection.ts(130,38): error TS7006: Parameter 'err' implicitly has an 'any' type.
lib/warmup-detection.ts(136,45): error TS7006: Parameter 'err' implicitly has an 'any' type.
